training model for iter ... 0
Model Trained.
Results:
TEST: Kendall Tau: 0.501919, Spearman correlation: 0.634028, Pearson correlation: 0.601659
DEV: Kendall Tau: 0.386310, Spearman correlation: 0.497078, Pearson correlation: 0.454157
---------------------

training model for iter ... 1
Model Trained.
Results:
TEST: Kendall Tau: 0.384761, Spearman correlation: 0.491403, Pearson correlation: 0.458025
DEV: Kendall Tau: 0.422145, Spearman correlation: 0.544342, Pearson correlation: 0.507155
---------------------

training model for iter ... 2
Model Trained.
Results:
TEST: Kendall Tau: 0.418741, Spearman correlation: 0.540799, Pearson correlation: 0.502673
DEV: Kendall Tau: 0.366275, Spearman correlation: 0.472938, Pearson correlation: 0.470505
---------------------

training model for iter ... 3
Model Trained.
Results:
TEST: Kendall Tau: 0.324318, Spearman correlation: 0.422161, Pearson correlation: 0.415116
DEV: Kendall Tau: 0.350520, Spearman correlation: 0.458296, Pearson correlation: 0.466377
---------------------

training model for iter ... 4
Model Trained.
Results:
TEST: Kendall Tau: 0.360150, Spearman correlation: 0.469932, Pearson correlation: 0.468246
DEV: Kendall Tau: 0.415303, Spearman correlation: 0.514224, Pearson correlation: 0.557619
---------------------

training model for iter ... 5
Model Trained.
Results:
TEST: Kendall Tau: 0.422187, Spearman correlation: 0.522497, Pearson correlation: 0.565022
DEV: Kendall Tau: 0.332675, Spearman correlation: 0.417810, Pearson correlation: 0.423836
---------------------

training model for iter ... 6
Model Trained.
Results:
TEST: Kendall Tau: 0.322263, Spearman correlation: 0.406165, Pearson correlation: 0.409896
DEV: Kendall Tau: 0.394061, Spearman correlation: 0.497461, Pearson correlation: 0.499806
---------------------

training model for iter ... 7
Model Trained.
Results:
TEST: Kendall Tau: 0.409836, Spearman correlation: 0.514686, Pearson correlation: 0.518137
DEV: Kendall Tau: 0.385542, Spearman correlation: 0.493183, Pearson correlation: 0.473591
---------------------

training model for iter ... 8
Model Trained.
Results:
TEST: Kendall Tau: 0.378241, Spearman correlation: 0.483709, Pearson correlation: 0.471769
DEV: Kendall Tau: 0.249566, Spearman correlation: 0.319760, Pearson correlation: 0.264028
---------------------

training model for iter ... 9
Model Trained.
Results:
TEST: Kendall Tau: 0.257808, Spearman correlation: 0.330249, Pearson correlation: 0.275066
DEV: Kendall Tau: 0.507385, Spearman correlation: 0.637242, Pearson correlation: 0.604071
---------------------

